[scientica24.netlify.app/index.html]
[scientica24.netlify.app/imgs/favi.png]
[scientica24.netlify.app/style.css]
[scientica24.netlify.app/flipclock.2.delayed]
[backblue.gif]
[fade.gif]
[index.html]
[kit.fontawesome.com/bb5440d141.js]
[scientica24.netlify.app/imgs/evnts/ev1.jpg]
[scientica24.netlify.app/imgs/evnts/ev2.jpg]
[scientica24.netlify.app/imgs/evnts/ev3.jpg]
[scientica24.netlify.app/imgs/evnts/ev4.jpg]
[scientica24.netlify.app/imgs/evnts/ev5.jpg]
[scientica24.netlify.app/imgs/evnts/ev6.jpg]
[scientica24.netlify.app/imgs/evnts/ev7.jpg]
[scientica24.netlify.app/imgs/evnts/ev8.jpg]
[scientica24.netlify.app/imgs/evnts/ev9.jpg]
[scientica24.netlify.app/Scientica24.pdf]
[scientica24.netlify.app/imgs/evnts/ev10.jpg]
[scientica24.netlify.app/Scientica-2024.f.delayed]
[scientica24.netlify.app/imgs/Evnt_heads/CODE_1.jpg]
[scientica24.netlify.app/imgs/Evnt_heads/CODE_2.jpg]
[scientica24.netlify.app/imgs/Evnt_heads/WEB_1.jpg]
[scientica24.netlify.app/imgs/Evnt_heads/WEB_2.jpg]
[scientica24.netlify.app/imgs/Evnt_heads/ITM_2.jpg]
[scientica24.netlify.app/imgs/Evnt_heads/ITM_1.jpg]
[scientica24.netlify.app/imgs/head1.png]
[scientica24.netlify.app/imgs/head2.png]
[scientica24.netlify.app/imgs/Evnt_heads/PV_1.jpg]
[scientica24.netlify.app/imgs/Evnt_heads/PV_2.jpg]
[scientica24.netlify.app/imgs/Evnt_heads/PHY_1.jpg]
[scientica24.netlify.app/imgs/Evnt_heads/PHY_2.jpg]
[scientica24.netlify.app/imgs/Evnt_heads/CHEM_1.jpg]
[scientica24.netlify.app/imgs/Evnt_heads/CHEM_2.jpg]
[scientica24.netlify.app/imgs/Evnt_heads/MATH_1.jpg]
[scientica24.netlify.app/imgs/Evnt_heads/MATH_2.jpg]
[scientica24.netlify.app/imgs/Evnt_heads/VR_1.jpg]
[scientica24.netlify.app/imgs/Evnt_heads/VR_2.jpg]
[scientica24.netlify.app/imgs/Evnt_heads/DD_1.jpg]
[scientica24.netlify.app/imgs/Evnt_heads/DD_2.jpg]
[scientica24.netlify.app/vanilla-tilt.js]
[scientica24.netlify.app/script.js]
[scientica24.netlify.app/index.html]
[scientica24.netlify.app/imgs/bg3.jpg]
[scientica24.netlify.app/imgs/bg1.jpg]
[scientica24.netlify.app/imgs/bg2.jpg]
[scientica24.netlify.app/style.css]
[scientica24.netlify.app/flipclock.html]
[scientica24.netlify.app/Scientica-2024.html]
